Wednesday is not Friday
3
5
March is before April
0
... is different from ...
2
