0
in foo a is
2
0
in bar bb is
4
0
1
in foo a is
3
1
in bar bb is
4
1
5
in foo a is
7
5
in bar bb is
4
5
3
in foo a is
5
3
in bar bb is
4
3
77
in foo a is
79
77
in bar bb is
4
77
