called foo with
4
called foo with
3
called foo with
2
called foo with
1
