six parameters for foo
21
seven parameters for bar
28
