bar
Giri
bar
Giri
bar
Giri
bar
Giri
bar
Giri
bar
Giri
bar
Giri
bar
