starting while, i is
0
i is odd
1
starting while, i is
1
starting while, i is
2
i is odd
3
starting while, i is
3
starting while, i is
4
i is odd
5
starting while, i is
5
starting while, i is
6
i is odd
7
