should print ten times
should print ten times
should print ten times
should print ten times
should print ten times
should print ten times
should print ten times
should print ten times
should print ten times
should print ten times
