Mccarthy was right!
Mccarthy was right again
Yea..
