5
6
true
10
2
5
false
11
88
0
true
88
111
201
false
21648
