5,true: 
3125
100,true: 
10000
5,false: 
-45
100,false: 
50
