f1
or1 ok
f1
f2
or2 ok
f1
f2
and1 ok
f2
f2
should print
f2
f1
f2
aha!
f1
1
f2
f1
0
f1
f1
1
f2
1
f1
1
f1
f2
1
f1
f2
f1
f1
f1
1
0
1
f2
f1
f1
f2
1
1
1
