0
0
91
called printAndRet
0
called printAndRet
1
a6=
6
a9=
9
a6=
6
a9=
19
