~IT'S TAAACO TUUUUUUESDAAAAY!~
One taco for me please!
Another taco for me please!
Another taco for me please!
